Running main() from C:\Users\developer\tmp\sakura-audit-safety\src\test\resources\code-main.cpp
Note: Google Test filter = FileLoadOptionsTest.Injected*
[==========] Running 2 tests from 1 test suite.
[----------] Global test environment set-up.
[----------] 2 tests from FileLoadOptionsTest
[ RUN      ] FileLoadOptionsTest.InjectedOpenFailuresReleaseResourcesBeforeReuse
C:\Users\developer\tmp\sakura-fileload-faults\test-file-injected.cpp(1158): error: Expected equality of these values:
  before
    Which is: 176
  after
    Which is: 178
Google Test trace:
C:\Users\developer\tmp\sakura-fileload-faults\test-file-injected.cpp(1146): 4

C:\Users\developer\tmp\sakura-fileload-faults\test-file-injected.cpp(1160): error: Value of: reader.GetFileTime(nullptr, nullptr, &stamp)
  Actual: true
Expected: false
Google Test trace:
C:\Users\developer\tmp\sakura-fileload-faults\test-file-injected.cpp(1146): 4

C:\Users\developer\tmp\sakura-fileload-faults\test-file-injected.cpp(1165): error: Expected equality of these values:
  static_cast<DWORD>(0x00010000)
    Which is: 65536
  region.State
    Which is: 4096
Google Test trace:
C:\Users\developer\tmp\sakura-fileload-faults\test-file-injected.cpp(1146): 4

unknown file: error: Unknown C++ exception thrown in the test body.

[  FAILED  ] FileLoadOptionsTest.InjectedOpenFailuresReleaseResourcesBeforeReuse (6 ms)
[ RUN      ] FileLoadOptionsTest.InjectedPrepareAllocationFailureReleasesOnlyDestination
[       OK ] FileLoadOptionsTest.InjectedPrepareAllocationFailureReleasesOnlyDestination (2 ms)
[----------] 2 tests from FileLoadOptionsTest (8 ms total)

[----------] Global test environment tear-down
[==========] 2 tests from 1 test suite ran. (22 ms total)
[  PASSED  ] 1 test.
[  FAILED  ] 1 test, listed below:
[  FAILED  ] FileLoadOptionsTest.InjectedOpenFailuresReleaseResourcesBeforeReuse

 1 FAILED TEST
