Running main() from C:\Users\developer\tmp\sakura-audit-safety\src\test\resources\code-main.cpp
Note: Google Test filter = FileLoadOptionsTest.*
[==========] Running 11 tests from 1 test suite.
[----------] Global test environment set-up.
[----------] 11 tests from FileLoadOptionsTest
[ RUN      ] FileLoadOptionsTest.MimeOptionIsAppliedOnEachOpenAndReopen
[       OK ] FileLoadOptionsTest.MimeOptionIsAppliedOnEachOpenAndReopen (13 ms)
[ RUN      ] FileLoadOptionsTest.AutoDetectionUsesConstructionSnapshot
[       OK ] FileLoadOptionsTest.AutoDetectionUsesConstructionSnapshot (1 ms)
[ RUN      ] FileLoadOptionsTest.PreparedReaderPreservesExtendedEolBoundaries
[       OK ] FileLoadOptionsTest.PreparedReaderPreservesExtendedEolBoundaries (7 ms)
[ RUN      ] FileLoadOptionsTest.PreparedUtf7ReaderResetsPreviousDecodedLineOffset
[       OK ] FileLoadOptionsTest.PreparedUtf7ReaderResetsPreviousDecodedLineOffset (9 ms)
[ RUN      ] FileLoadOptionsTest.ExtendedEolPolicyIsStableUntilReopen
[       OK ] FileLoadOptionsTest.ExtendedEolPolicyIsStableUntilReopen (22 ms)
[ RUN      ] FileLoadOptionsTest.PreparedReaderRetainsMappingAfterParentDestruction
[       OK ] FileLoadOptionsTest.PreparedReaderRetainsMappingAfterParentDestruction (15 ms)
[ RUN      ] FileLoadOptionsTest.PrepareReplacesActiveMappingAndRejectsInvalidSlices
[       OK ] FileLoadOptionsTest.PrepareReplacesActiveMappingAndRejectsInvalidSlices (6 ms)
[ RUN      ] FileLoadOptionsTest.FailedOpenAndEmptyMappingCanBeReused
[       OK ] FileLoadOptionsTest.FailedOpenAndEmptyMappingCanBeReused (4 ms)
[ RUN      ] FileLoadOptionsTest.PreparedReadersOwnConvertersWithInheritedMimeOptions
[       OK ] FileLoadOptionsTest.PreparedReadersOwnConvertersWithInheritedMimeOptions (39 ms)
[ RUN      ] FileLoadOptionsTest.InjectedOpenFailuresReleaseResourcesBeforeReuse
[       OK ] FileLoadOptionsTest.InjectedOpenFailuresReleaseResourcesBeforeReuse (6 ms)
[ RUN      ] FileLoadOptionsTest.InjectedPrepareAllocationFailureReleasesOnlyDestination
[       OK ] FileLoadOptionsTest.InjectedPrepareAllocationFailureReleasesOnlyDestination (2 ms)
[----------] 11 tests from FileLoadOptionsTest (131 ms total)

[----------] Global test environment tear-down
[==========] 11 tests from 1 test suite ran. (168 ms total)
[  PASSED  ] 11 tests.
