Running main() from C:\Users\developer\tmp\sakura-audit-safety\src\test\resources\code-main.cpp
Note: Google Test filter = FileLoadOptionsTest.*:SearchRequestSafetyTest.*:SearchWorkbenchToolGeometry.*
[==========] Running 22 tests from 3 test suites.
[----------] Global test environment set-up.
[----------] 7 tests from SearchWorkbenchToolGeometry
[ RUN      ] SearchWorkbenchToolGeometry.MatchesVsCodeSearchWidgetAtDefaultDpi
[       OK ] SearchWorkbenchToolGeometry.MatchesVsCodeSearchWidgetAtDefaultDpi (0 ms)
[ RUN      ] SearchWorkbenchToolGeometry.ReplaceRowUsesCssMarginsAndCentersNativeEdit
[       OK ] SearchWorkbenchToolGeometry.ReplaceRowUsesCssMarginsAndCentersNativeEdit (0 ms)
[ RUN      ] SearchWorkbenchToolGeometry.PreservesCssRelationshipsAcrossSupportedDpi
[       OK ] SearchWorkbenchToolGeometry.PreservesCssRelationshipsAcrossSupportedDpi (0 ms)
[ RUN      ] SearchWorkbenchToolGeometry.MeasuredLineHeightCentersTheCaretLineNotJustTheHwnd
[       OK ] SearchWorkbenchToolGeometry.MeasuredLineHeightCentersTheCaretLineNotJustTheHwnd (0 ms)
[ RUN      ] SearchWorkbenchToolGeometry.MeasuredLineHeightStaysCenteredAcrossSupportedDpi
[       OK ] SearchWorkbenchToolGeometry.MeasuredLineHeightStaysCenteredAcrossSupportedDpi (0 ms)
[ RUN      ] SearchWorkbenchToolGeometry.LineHeightTallerThanTheBoxIsClampedToTheBox
[       OK ] SearchWorkbenchToolGeometry.LineHeightTallerThanTheBoxIsClampedToTheBox (0 ms)
[ RUN      ] SearchWorkbenchToolGeometry.ClampsNarrowClientWithoutNegativeEditBounds
[       OK ] SearchWorkbenchToolGeometry.ClampsNarrowClientWithoutNegativeEditBounds (0 ms)
[----------] 7 tests from SearchWorkbenchToolGeometry (2 ms total)

[----------] 6 tests from SearchRequestSafetyTest
[ RUN      ] SearchRequestSafetyTest.LongLinePreviewContainsTheActualMatch
[       OK ] SearchRequestSafetyTest.LongLinePreviewContainsTheActualMatch (10 ms)
[ RUN      ] SearchRequestSafetyTest.PreviewDoesNotSplitUtf16SurrogatePair
[       OK ] SearchRequestSafetyTest.PreviewDoesNotSplitUtf16SurrogatePair (35 ms)
[ RUN      ] SearchRequestSafetyTest.ClearingQueryRejectsAlreadyPostedCompletion
[       OK ] SearchRequestSafetyTest.ClearingQueryRejectsAlreadyPostedCompletion (69 ms)
[ RUN      ] SearchRequestSafetyTest.SeededPreviewWindowsPreserveSourceCoordinatesAndHitText
[       OK ] SearchRequestSafetyTest.SeededPreviewWindowsPreserveSourceCoordinatesAndHitText (418 ms)
[ RUN      ] SearchRequestSafetyTest.NativeReplaceAllPreservesFilesAfterQueryInvalidation
[       OK ] SearchRequestSafetyTest.NativeReplaceAllPreservesFilesAfterQueryInvalidation (266 ms)
[ RUN      ] SearchRequestSafetyTest.PreviewBoundaryFixturesPreserveExplicitUtf16Lengths
[       OK ] SearchRequestSafetyTest.PreviewBoundaryFixturesPreserveExplicitUtf16Lengths (70 ms)
[----------] 6 tests from SearchRequestSafetyTest (874 ms total)

[----------] 9 tests from FileLoadOptionsTest
[ RUN      ] FileLoadOptionsTest.MimeOptionIsAppliedOnEachOpenAndReopen
[       OK ] FileLoadOptionsTest.MimeOptionIsAppliedOnEachOpenAndReopen (3 ms)
[ RUN      ] FileLoadOptionsTest.AutoDetectionUsesConstructionSnapshot
[       OK ] FileLoadOptionsTest.AutoDetectionUsesConstructionSnapshot (0 ms)
[ RUN      ] FileLoadOptionsTest.PreparedReaderPreservesExtendedEolBoundaries
[       OK ] FileLoadOptionsTest.PreparedReaderPreservesExtendedEolBoundaries (1 ms)
[ RUN      ] FileLoadOptionsTest.PreparedUtf7ReaderResetsPreviousDecodedLineOffset
[       OK ] FileLoadOptionsTest.PreparedUtf7ReaderResetsPreviousDecodedLineOffset (2 ms)
[ RUN      ] FileLoadOptionsTest.ExtendedEolPolicyIsStableUntilReopen
[       OK ] FileLoadOptionsTest.ExtendedEolPolicyIsStableUntilReopen (13 ms)
[ RUN      ] FileLoadOptionsTest.PreparedReaderRetainsMappingAfterParentDestruction
[       OK ] FileLoadOptionsTest.PreparedReaderRetainsMappingAfterParentDestruction (1 ms)
[ RUN      ] FileLoadOptionsTest.PrepareReplacesActiveMappingAndRejectsInvalidSlices
[       OK ] FileLoadOptionsTest.PrepareReplacesActiveMappingAndRejectsInvalidSlices (2 ms)
[ RUN      ] FileLoadOptionsTest.FailedOpenAndEmptyMappingCanBeReused
[       OK ] FileLoadOptionsTest.FailedOpenAndEmptyMappingCanBeReused (2 ms)
[ RUN      ] FileLoadOptionsTest.PreparedReadersOwnConvertersWithInheritedMimeOptions
[       OK ] FileLoadOptionsTest.PreparedReadersOwnConvertersWithInheritedMimeOptions (80 ms)
[----------] 9 tests from FileLoadOptionsTest (111 ms total)

[----------] Global test environment tear-down
[==========] 22 tests from 3 test suites ran. (1022 ms total)
[  PASSED  ] 22 tests.
