=================================================================
==59108==ERROR: AddressSanitizer: heap-buffer-overflow on address 0x11bec81a01d9 at pc 0x7ff61e4110e2 bp 0x0022b36ff7c0 sp 0x0022b36ff7c8
WRITE of size 1 at 0x11bec81a01d9 thread T0
    #0 0x7ff61e4110e1 in main C:\Users\developer\tmp\sakura-fileload-asan\canary.cpp:1
    #1 0x7ff61e413938 in invoke_main D:\a\_work\1\s\src\vctools\crt\vcstartup\src\startup\exe_common.inl:78
    #2 0x7ff61e413881 in __scrt_common_main_seh D:\a\_work\1\s\src\vctools\crt\vcstartup\src\startup\exe_common.inl:288
    #3 0x7ff61e41373d in __scrt_common_main D:\a\_work\1\s\src\vctools\crt\vcstartup\src\startup\exe_common.inl:330
    #4 0x7ff61e4139ad in mainCRTStartup D:\a\_work\1\s\src\vctools\crt\vcstartup\src\startup\exe_main.cpp:16
    #5 0x7ffe831dccb6  (C:\WINDOWS\System32\KERNEL32.DLL+0x18002ccb6)
    #6 0x7ffe8540caeb  (C:\WINDOWS\SYSTEM32\ntdll.dll+0x1800acaeb)

0x11bec81a01d9 is located 1 bytes after 8-byte region [0x11bec81a01d0,0x11bec81a01d8)
allocated by thread T0 here:
    #0 0x7ff61e412abe in operator new[](unsigned __int64) D:\a\_work\1\s\src\vctools\asan\llvm\compiler-rt\lib\asan\asan_win_new_array_thunk.cpp:41
    #1 0x7ff61e411079 in main C:\Users\developer\tmp\sakura-fileload-asan\canary.cpp:1
    #2 0x7ff61e413938 in invoke_main D:\a\_work\1\s\src\vctools\crt\vcstartup\src\startup\exe_common.inl:78
    #3 0x7ff61e413881 in __scrt_common_main_seh D:\a\_work\1\s\src\vctools\crt\vcstartup\src\startup\exe_common.inl:288
    #4 0x7ff61e41373d in __scrt_common_main D:\a\_work\1\s\src\vctools\crt\vcstartup\src\startup\exe_common.inl:330
    #5 0x7ff61e4139ad in mainCRTStartup D:\a\_work\1\s\src\vctools\crt\vcstartup\src\startup\exe_main.cpp:16
    #6 0x7ffe831dccb6  (C:\WINDOWS\System32\KERNEL32.DLL+0x18002ccb6)
    #7 0x7ffe8540caeb  (C:\WINDOWS\SYSTEM32\ntdll.dll+0x1800acaeb)

SUMMARY: AddressSanitizer: heap-buffer-overflow C:\Users\developer\tmp\sakura-fileload-asan\canary.cpp:1 in main
Shadow bytes around the buggy address:
  0x11bec819ff00: 00 00 00 00 00 00 00 00 00 00 00 00 00 00 00 00
  0x11bec819ff80: 00 00 00 00 00 00 00 00 00 00 00 00 00 00 00 00
  0x11bec81a0000: fa fa fd fd fa fa 00 03 fa fa 00 03 fa fa 00 05
  0x11bec81a0080: fa fa 00 06 fa fa 00 05 fa fa 00 05 fa fa 00 07
  0x11bec81a0100: fa fa 00 03 fa fa 00 02 fa fa 00 05 fa fa 00 04
=>0x11bec81a0180: fa fa 00 07 fa fa 00 02 fa fa 00[fa]fa fa fd fd
  0x11bec81a0200: fa fa fa fa fa fa fa fa fa fa fa fa fa fa fa fa
  0x11bec81a0280: fa fa fa fa fa fa fa fa fa fa fa fa fa fa fa fa
  0x11bec81a0300: fa fa fa fa fa fa fa fa fa fa fa fa fa fa fa fa
  0x11bec81a0380: fa fa fa fa fa fa fa fa fa fa fa fa fa fa fa fa
  0x11bec81a0400: fa fa fa fa fa fa fa fa fa fa fa fa fa fa fa fa
Shadow byte legend (one shadow byte represents 8 application bytes):
  Addressable:           00
  Partially addressable: 01 02 03 04 05 06 07
  Heap left redzone:       fa
  Freed heap region:       fd
  Stack left redzone:      f1
  Stack mid redzone:       f2
  Stack right redzone:     f3
  Stack after return:      f5
  Stack use after scope:   f8
  Global redzone:          f9
  Global init order:       f6
  Poisoned by user:        f7
  Container overflow:      fc
  Array cookie:            ac
  Intra object redzone:    bb
  ASan internal:           fe
  Left alloca redzone:     ca
  Right alloca redzone:    cb
==59108==ABORTING
