Running main() from C:\Users\developer\tmp\sakura-audit-safety\src\test\resources\code-main.cpp
Note: Google Test filter = FileLoadOptionsTest.*
[==========] Running 9 tests from 1 test suite.
[----------] Global test environment set-up.
[----------] 9 tests from FileLoadOptionsTest
[ RUN      ] FileLoadOptionsTest.MimeOptionIsAppliedOnEachOpenAndReopen
[       OK ] FileLoadOptionsTest.MimeOptionIsAppliedOnEachOpenAndReopen (7 ms)
[ RUN      ] FileLoadOptionsTest.AutoDetectionUsesConstructionSnapshot
[       OK ] FileLoadOptionsTest.AutoDetectionUsesConstructionSnapshot (0 ms)
[ RUN      ] FileLoadOptionsTest.PreparedReaderPreservesExtendedEolBoundaries
[       OK ] FileLoadOptionsTest.PreparedReaderPreservesExtendedEolBoundaries (5 ms)
[ RUN      ] FileLoadOptionsTest.PreparedUtf7ReaderResetsPreviousDecodedLineOffset
[       OK ] FileLoadOptionsTest.PreparedUtf7ReaderResetsPreviousDecodedLineOffset (6 ms)
[ RUN      ] FileLoadOptionsTest.ExtendedEolPolicyIsStableUntilReopen
[       OK ] FileLoadOptionsTest.ExtendedEolPolicyIsStableUntilReopen (17 ms)
[ RUN      ] FileLoadOptionsTest.PreparedReaderRetainsMappingAfterParentDestruction
[       OK ] FileLoadOptionsTest.PreparedReaderRetainsMappingAfterParentDestruction (2 ms)
[ RUN      ] FileLoadOptionsTest.PrepareReplacesActiveMappingAndRejectsInvalidSlices
[       OK ] FileLoadOptionsTest.PrepareReplacesActiveMappingAndRejectsInvalidSlices (2 ms)
[ RUN      ] FileLoadOptionsTest.FailedOpenAndEmptyMappingCanBeReused
[       OK ] FileLoadOptionsTest.FailedOpenAndEmptyMappingCanBeReused (8 ms)
[ RUN      ] FileLoadOptionsTest.PreparedReadersOwnConvertersWithInheritedMimeOptions
[       OK ] FileLoadOptionsTest.PreparedReadersOwnConvertersWithInheritedMimeOptions (26 ms)
[----------] 9 tests from FileLoadOptionsTest (80 ms total)

[----------] Global test environment tear-down
[==========] 9 tests from 1 test suite ran. (115 ms total)
[  PASSED  ] 9 tests.
