Running main() from C:\Users\developer\tmp\sakura-audit-safety\src\test\resources\code-main.cpp
Note: Google Test filter = SearchRequestSafetyTest.*:FileLoadOptionsTest.*:SearchWorkbenchToolGeometry.*:ExplorerTool.ProductionWorkerDisplaysJunctionsAsLeaves
[==========] Running 23 tests from 4 test suites.
[----------] Global test environment set-up.
[----------] 1 test from ExplorerTool
[ RUN      ] ExplorerTool.ProductionWorkerDisplaysJunctionsAsLeaves
[       OK ] ExplorerTool.ProductionWorkerDisplaysJunctionsAsLeaves (53 ms)
[----------] 1 test from ExplorerTool (57 ms total)

[----------] 7 tests from SearchWorkbenchToolGeometry
[ RUN      ] SearchWorkbenchToolGeometry.MatchesVsCodeSearchWidgetAtDefaultDpi
[       OK ] SearchWorkbenchToolGeometry.MatchesVsCodeSearchWidgetAtDefaultDpi (0 ms)
[ RUN      ] SearchWorkbenchToolGeometry.ReplaceRowUsesCssMarginsAndCentersNativeEdit
[       OK ] SearchWorkbenchToolGeometry.ReplaceRowUsesCssMarginsAndCentersNativeEdit (0 ms)
[ RUN      ] SearchWorkbenchToolGeometry.PreservesCssRelationshipsAcrossSupportedDpi
[       OK ] SearchWorkbenchToolGeometry.PreservesCssRelationshipsAcrossSupportedDpi (0 ms)
[ RUN      ] SearchWorkbenchToolGeometry.MeasuredLineHeightCentersTheCaretLineNotJustTheHwnd
[       OK ] SearchWorkbenchToolGeometry.MeasuredLineHeightCentersTheCaretLineNotJustTheHwnd (0 ms)
[ RUN      ] SearchWorkbenchToolGeometry.MeasuredLineHeightStaysCenteredAcrossSupportedDpi
[       OK ] SearchWorkbenchToolGeometry.MeasuredLineHeightStaysCenteredAcrossSupportedDpi (0 ms)
[ RUN      ] SearchWorkbenchToolGeometry.LineHeightTallerThanTheBoxIsClampedToTheBox
[       OK ] SearchWorkbenchToolGeometry.LineHeightTallerThanTheBoxIsClampedToTheBox (0 ms)
[ RUN      ] SearchWorkbenchToolGeometry.ClampsNarrowClientWithoutNegativeEditBounds
[       OK ] SearchWorkbenchToolGeometry.ClampsNarrowClientWithoutNegativeEditBounds (0 ms)
[----------] 7 tests from SearchWorkbenchToolGeometry (6 ms total)

[----------] 6 tests from SearchRequestSafetyTest
[ RUN      ] SearchRequestSafetyTest.LongLinePreviewContainsTheActualMatch
[       OK ] SearchRequestSafetyTest.LongLinePreviewContainsTheActualMatch (16 ms)
[ RUN      ] SearchRequestSafetyTest.PreviewDoesNotSplitUtf16SurrogatePair
[       OK ] SearchRequestSafetyTest.PreviewDoesNotSplitUtf16SurrogatePair (20 ms)
[ RUN      ] SearchRequestSafetyTest.ClearingQueryRejectsAlreadyPostedCompletion
[       OK ] SearchRequestSafetyTest.ClearingQueryRejectsAlreadyPostedCompletion (141 ms)
[ RUN      ] SearchRequestSafetyTest.SeededPreviewWindowsPreserveSourceCoordinatesAndHitText
[       OK ] SearchRequestSafetyTest.SeededPreviewWindowsPreserveSourceCoordinatesAndHitText (1100 ms)
[ RUN      ] SearchRequestSafetyTest.NativeReplaceAllPreservesFilesAfterQueryInvalidation
[       OK ] SearchRequestSafetyTest.NativeReplaceAllPreservesFilesAfterQueryInvalidation (350 ms)
[ RUN      ] SearchRequestSafetyTest.PreviewBoundaryFixturesPreserveExplicitUtf16Lengths
[       OK ] SearchRequestSafetyTest.PreviewBoundaryFixturesPreserveExplicitUtf16Lengths (112 ms)
[----------] 6 tests from SearchRequestSafetyTest (1752 ms total)

[----------] 9 tests from FileLoadOptionsTest
[ RUN      ] FileLoadOptionsTest.MimeOptionIsAppliedOnEachOpenAndReopen
[       OK ] FileLoadOptionsTest.MimeOptionIsAppliedOnEachOpenAndReopen (6 ms)
[ RUN      ] FileLoadOptionsTest.AutoDetectionUsesConstructionSnapshot
[       OK ] FileLoadOptionsTest.AutoDetectionUsesConstructionSnapshot (1 ms)
[ RUN      ] FileLoadOptionsTest.PreparedReaderPreservesExtendedEolBoundaries
[       OK ] FileLoadOptionsTest.PreparedReaderPreservesExtendedEolBoundaries (2 ms)
[ RUN      ] FileLoadOptionsTest.PreparedUtf7ReaderResetsPreviousDecodedLineOffset
[       OK ] FileLoadOptionsTest.PreparedUtf7ReaderResetsPreviousDecodedLineOffset (2 ms)
[ RUN      ] FileLoadOptionsTest.ExtendedEolPolicyIsStableUntilReopen
[       OK ] FileLoadOptionsTest.ExtendedEolPolicyIsStableUntilReopen (12 ms)
[ RUN      ] FileLoadOptionsTest.PreparedReaderRetainsMappingAfterParentDestruction
[       OK ] FileLoadOptionsTest.PreparedReaderRetainsMappingAfterParentDestruction (2 ms)
[ RUN      ] FileLoadOptionsTest.PrepareReplacesActiveMappingAndRejectsInvalidSlices
[       OK ] FileLoadOptionsTest.PrepareReplacesActiveMappingAndRejectsInvalidSlices (2 ms)
[ RUN      ] FileLoadOptionsTest.FailedOpenAndEmptyMappingCanBeReused
[       OK ] FileLoadOptionsTest.FailedOpenAndEmptyMappingCanBeReused (7 ms)
[ RUN      ] FileLoadOptionsTest.PreparedReadersOwnConvertersWithInheritedMimeOptions
[       OK ] FileLoadOptionsTest.PreparedReadersOwnConvertersWithInheritedMimeOptions (44 ms)
[----------] 9 tests from FileLoadOptionsTest (86 ms total)

[----------] Global test environment tear-down
[==========] 23 tests from 4 test suites ran. (1920 ms total)
[  PASSED  ] 23 tests.
