Running main() from C:\Users\developer\tmp\sakura-audit-safety\src\test\resources\code-main.cpp
Note: Google Test filter = FileLoadOptionsTest.*:SearchRequestSafetyTest.*:SearchWorkbenchToolGeometry.*:ExplorerTool.ProductionWorkerDisplaysJunctionsAsLeaves
[==========] Running 15 tests from 4 test suites.
[----------] Global test environment set-up.
[----------] 1 test from ExplorerTool
[ RUN      ] ExplorerTool.ProductionWorkerDisplaysJunctionsAsLeaves
[       OK ] ExplorerTool.ProductionWorkerDisplaysJunctionsAsLeaves (45 ms)
[----------] 1 test from ExplorerTool (47 ms total)

[----------] 7 tests from SearchWorkbenchToolGeometry
[ RUN      ] SearchWorkbenchToolGeometry.MatchesVsCodeSearchWidgetAtDefaultDpi
[       OK ] SearchWorkbenchToolGeometry.MatchesVsCodeSearchWidgetAtDefaultDpi (0 ms)
[ RUN      ] SearchWorkbenchToolGeometry.ReplaceRowUsesCssMarginsAndCentersNativeEdit
[       OK ] SearchWorkbenchToolGeometry.ReplaceRowUsesCssMarginsAndCentersNativeEdit (0 ms)
[ RUN      ] SearchWorkbenchToolGeometry.PreservesCssRelationshipsAcrossSupportedDpi
[       OK ] SearchWorkbenchToolGeometry.PreservesCssRelationshipsAcrossSupportedDpi (0 ms)
[ RUN      ] SearchWorkbenchToolGeometry.MeasuredLineHeightCentersTheCaretLineNotJustTheHwnd
[       OK ] SearchWorkbenchToolGeometry.MeasuredLineHeightCentersTheCaretLineNotJustTheHwnd (0 ms)
[ RUN      ] SearchWorkbenchToolGeometry.MeasuredLineHeightStaysCenteredAcrossSupportedDpi
[       OK ] SearchWorkbenchToolGeometry.MeasuredLineHeightStaysCenteredAcrossSupportedDpi (0 ms)
[ RUN      ] SearchWorkbenchToolGeometry.LineHeightTallerThanTheBoxIsClampedToTheBox
[       OK ] SearchWorkbenchToolGeometry.LineHeightTallerThanTheBoxIsClampedToTheBox (0 ms)
[ RUN      ] SearchWorkbenchToolGeometry.ClampsNarrowClientWithoutNegativeEditBounds
[       OK ] SearchWorkbenchToolGeometry.ClampsNarrowClientWithoutNegativeEditBounds (0 ms)
[----------] 7 tests from SearchWorkbenchToolGeometry (2 ms total)

[----------] 5 tests from SearchRequestSafetyTest
[ RUN      ] SearchRequestSafetyTest.LongLinePreviewContainsTheActualMatch
[       OK ] SearchRequestSafetyTest.LongLinePreviewContainsTheActualMatch (9 ms)
[ RUN      ] SearchRequestSafetyTest.PreviewDoesNotSplitUtf16SurrogatePair
[       OK ] SearchRequestSafetyTest.PreviewDoesNotSplitUtf16SurrogatePair (32 ms)
[ RUN      ] SearchRequestSafetyTest.ClearingQueryRejectsAlreadyPostedCompletion
[       OK ] SearchRequestSafetyTest.ClearingQueryRejectsAlreadyPostedCompletion (75 ms)
[ RUN      ] SearchRequestSafetyTest.SeededPreviewWindowsPreserveSourceCoordinatesAndHitText
[       OK ] SearchRequestSafetyTest.SeededPreviewWindowsPreserveSourceCoordinatesAndHitText (485 ms)
[ RUN      ] SearchRequestSafetyTest.NativeReplaceAllPreservesFilesAfterQueryInvalidation
[       OK ] SearchRequestSafetyTest.NativeReplaceAllPreservesFilesAfterQueryInvalidation (276 ms)
[----------] 5 tests from SearchRequestSafetyTest (883 ms total)

[----------] 2 tests from FileLoadOptionsTest
[ RUN      ] FileLoadOptionsTest.MimeOptionIsAppliedOnEachOpenAndReopen
[       OK ] FileLoadOptionsTest.MimeOptionIsAppliedOnEachOpenAndReopen (9 ms)
[ RUN      ] FileLoadOptionsTest.AutoDetectionUsesConstructionSnapshot
[       OK ] FileLoadOptionsTest.AutoDetectionUsesConstructionSnapshot (2 ms)
[----------] 2 tests from FileLoadOptionsTest (12 ms total)

[----------] Global test environment tear-down
[==========] 15 tests from 4 test suites ran. (1002 ms total)
[  PASSED  ] 15 tests.
